// Jest Snapshot v1, https://goo.gl/fbAQLP

exports[`Video component tests Video component renders as expected 1`] = `
<div>
  <video
    controls={true}
  />
  <div>
     mockComponent 
    0
     
  </div>
</div>
`;
